// Vitest Snapshot v1, https://vitest.dev/guide/snapshot.html

exports[`rfcBucketPdfToRfcDocument(418, false) 1`] = `
[
  {
    "documentHtmlObj": [
      {
        "attributes": {},
        "children": [
          {
            "attributes": {
              "id": "page1",
            },
            "children": [
              {
                "textContent": "Page 1",
                "type": "Text",
              },
            ],
            "nodeName": "h2",
            "type": "Element",
          },
          {
            "attributes": {
              "alt": "",
              "height": "724",
              "src": "https://www.rfc-editor.org/api/v1/rfc-html/418-page-1.png",
              "width": "724",
            },
            "children": [],
            "nodeName": "img",
            "type": "Element",
          },
        ],
        "nodeName": "div",
        "type": "Element",
      },
      {
        "attributes": {},
        "children": [
          {
            "attributes": {
              "id": "page2",
            },
            "children": [
              {
                "textContent": "Page 2",
                "type": "Text",
              },
            ],
            "nodeName": "h2",
            "type": "Element",
          },
          {
            "attributes": {
              "alt": "",
              "height": "724",
              "loading": "lazy",
              "src": "https://www.rfc-editor.org/api/v1/rfc-html/418-page-2.png",
              "width": "724",
            },
            "children": [],
            "nodeName": "img",
            "type": "Element",
          },
        ],
        "nodeName": "div",
        "type": "Element",
      },
      {
        "attributes": {},
        "children": [
          {
            "attributes": {
              "id": "page3",
            },
            "children": [
              {
                "textContent": "Page 3",
                "type": "Text",
              },
            ],
            "nodeName": "h2",
            "type": "Element",
          },
          {
            "attributes": {
              "alt": "",
              "height": "724",
              "loading": "lazy",
              "src": "https://www.rfc-editor.org/api/v1/rfc-html/418-page-3.png",
              "width": "724",
            },
            "children": [],
            "nodeName": "img",
            "type": "Element",
          },
        ],
        "nodeName": "div",
        "type": "Element",
      },
      {
        "attributes": {},
        "children": [
          {
            "attributes": {
              "id": "page4",
            },
            "children": [
              {
                "textContent": "Page 4",
                "type": "Text",
              },
            ],
            "nodeName": "h2",
            "type": "Element",
          },
          {
            "attributes": {
              "alt": "",
              "height": "724",
              "loading": "lazy",
              "src": "https://www.rfc-editor.org/api/v1/rfc-html/418-page-4.png",
              "width": "724",
            },
            "children": [],
            "nodeName": "img",
            "type": "Element",
          },
        ],
        "nodeName": "div",
        "type": "Element",
      },
      {
        "attributes": {},
        "children": [
          {
            "attributes": {
              "id": "page5",
            },
            "children": [
              {
                "textContent": "Page 5",
                "type": "Text",
              },
            ],
            "nodeName": "h2",
            "type": "Element",
          },
          {
            "attributes": {
              "alt": "",
              "height": "724",
              "loading": "lazy",
              "src": "https://www.rfc-editor.org/api/v1/rfc-html/418-page-5.png",
              "width": "724",
            },
            "children": [],
            "nodeName": "img",
            "type": "Element",
          },
        ],
        "nodeName": "div",
        "type": "Element",
      },
      {
        "attributes": {},
        "children": [
          {
            "attributes": {
              "id": "page6",
            },
            "children": [
              {
                "textContent": "Page 6",
                "type": "Text",
              },
            ],
            "nodeName": "h2",
            "type": "Element",
          },
          {
            "attributes": {
              "alt": "",
              "height": "724",
              "loading": "lazy",
              "src": "https://www.rfc-editor.org/api/v1/rfc-html/418-page-6.png",
              "width": "724",
            },
            "children": [],
            "nodeName": "img",
            "type": "Element",
          },
        ],
        "nodeName": "div",
        "type": "Element",
      },
      {
        "attributes": {},
        "children": [
          {
            "attributes": {
              "id": "page7",
            },
            "children": [
              {
                "textContent": "Page 7",
                "type": "Text",
              },
            ],
            "nodeName": "h2",
            "type": "Element",
          },
          {
            "attributes": {
              "alt": "",
              "height": "724",
              "loading": "lazy",
              "src": "https://www.rfc-editor.org/api/v1/rfc-html/418-page-7.png",
              "width": "724",
            },
            "children": [],
            "nodeName": "img",
            "type": "Element",
          },
        ],
        "nodeName": "div",
        "type": "Element",
      },
      {
        "attributes": {},
        "children": [
          {
            "attributes": {
              "id": "page8",
            },
            "children": [
              {
                "textContent": "Page 8",
                "type": "Text",
              },
            ],
            "nodeName": "h2",
            "type": "Element",
          },
          {
            "attributes": {
              "alt": "",
              "height": "724",
              "loading": "lazy",
              "src": "https://www.rfc-editor.org/api/v1/rfc-html/418-page-8.png",
              "width": "724",
            },
            "children": [],
            "nodeName": "img",
            "type": "Element",
          },
        ],
        "nodeName": "div",
        "type": "Element",
      },
      {
        "attributes": {},
        "children": [
          {
            "attributes": {
              "id": "page9",
            },
            "children": [
              {
                "textContent": "Page 9",
                "type": "Text",
              },
            ],
            "nodeName": "h2",
            "type": "Element",
          },
          {
            "attributes": {
              "alt": "",
              "height": "724",
              "loading": "lazy",
              "src": "https://www.rfc-editor.org/api/v1/rfc-html/418-page-9.png",
              "width": "724",
            },
            "children": [],
            "nodeName": "img",
            "type": "Element",
          },
        ],
        "nodeName": "div",
        "type": "Element",
      },
    ],
    "documentHtmlType": "pdf-or-ps",
    "maxPreformattedLineLength": {
      "max": 80,
      "maxWithAnchorSuffix": 80,
    },
    "rfc": {
      "abstract": "",
      "area": {
        "acronym": "",
        "name": "",
      },
      "authors": [],
      "formats": [],
      "group": {
        "acronym": "",
        "name": "",
      },
      "identifiers": [],
      "number": 0,
      "obsoleted_by": [],
      "pages": 0,
      "published": "1950-1-1",
      "status": "Unknown",
      "stream": {
        "desc": "",
        "name": "",
        "slug": "",
      },
      "text": "",
      "title": "",
      "updated_by": [],
    },
    "tableOfContents": {
      "sections": [
        {
          "links": [
            {
              "id": "page1",
              "title": "Page 1",
            },
          ],
        },
        {
          "links": [
            {
              "id": "page2",
              "title": "Page 2",
            },
          ],
        },
        {
          "links": [
            {
              "id": "page3",
              "title": "Page 3",
            },
          ],
        },
        {
          "links": [
            {
              "id": "page4",
              "title": "Page 4",
            },
          ],
        },
        {
          "links": [
            {
              "id": "page5",
              "title": "Page 5",
            },
          ],
        },
        {
          "links": [
            {
              "id": "page6",
              "title": "Page 6",
            },
          ],
        },
        {
          "links": [
            {
              "id": "page7",
              "title": "Page 7",
            },
          ],
        },
        {
          "links": [
            {
              "id": "page8",
              "title": "Page 8",
            },
          ],
        },
        {
          "links": [
            {
              "id": "page9",
              "title": "Page 9",
            },
          ],
        },
      ],
      "title": "",
    },
  },
  [
    {
      "altText": "",
      "fileName": "418-page-1.png",
    },
    {
      "altText": "",
      "fileName": "418-page-2.png",
    },
    {
      "altText": "",
      "fileName": "418-page-3.png",
    },
    {
      "altText": "",
      "fileName": "418-page-4.png",
    },
    {
      "altText": "",
      "fileName": "418-page-5.png",
    },
    {
      "altText": "",
      "fileName": "418-page-6.png",
    },
    {
      "altText": "",
      "fileName": "418-page-7.png",
    },
    {
      "altText": "",
      "fileName": "418-page-8.png",
    },
    {
      "altText": "",
      "fileName": "418-page-9.png",
    },
  ],
]
`;
